FAIL src/c.test.js
  ● works › returns value
    expect(received).toBe(expected)
    Expected: 42
    Received: 41
      12 |   it('returns value', () => {
    > 13 |     expect(compute()).toBe(42)
         |                       ^
Test Suites: 1 failed, 2 passed, 3 total
Tests:       1 failed, 24 passed, 25 total
Time:        3.1 s
== 2 suites passed
