total 1040
-rw-r--r--   1 yasin  staff    1001 Jul  6 12:01 file001.txt
-rw-r--r--   1 yasin  staff    1002 Jul  6 12:02 file002.txt
-rw-r--r--   1 yasin  staff    1003 Jul  6 12:03 file003.txt
-rw-r--r--   1 yasin  staff    1004 Jul  6 12:04 file004.txt
-rw-r--r--   1 yasin  staff    1005 Jul  6 12:05 file005.txt
-rw-r--r--   1 yasin  staff    1006 Jul  6 12:06 file006.txt
-rw-r--r--   1 yasin  staff    1007 Jul  6 12:07 file007.txt
-rw-r--r--   1 yasin  staff    1008 Jul  6 12:08 file008.txt
-rw-r--r--   1 yasin  staff    1009 Jul  6 12:09 file009.txt
-rw-r--r--   1 yasin  staff    1010 Jul  6 12:10 file010.txt
-rw-r--r--   1 yasin  staff    1011 Jul  6 12:11 file011.txt
-rw-r--r--   1 yasin  staff    1012 Jul  6 12:12 file012.txt
-rw-r--r--   1 yasin  staff    1013 Jul  6 12:13 file013.txt
-rw-r--r--   1 yasin  staff    1014 Jul  6 12:14 file014.txt
-rw-r--r--   1 yasin  staff    1015 Jul  6 12:15 file015.txt
-rw-r--r--   1 yasin  staff    1016 Jul  6 12:16 file016.txt
-rw-r--r--   1 yasin  staff    1017 Jul  6 12:17 file017.txt
-rw-r--r--   1 yasin  staff    1018 Jul  6 12:18 file018.txt
-rw-r--r--   1 yasin  staff    1019 Jul  6 12:19 file019.txt
-rw-r--r--   1 yasin  staff    1020 Jul  6 12:20 file020.txt
-rw-r--r--   1 yasin  staff    1021 Jul  6 12:21 file021.txt
-rw-r--r--   1 yasin  staff    1022 Jul  6 12:22 file022.txt
-rw-r--r--   1 yasin  staff    1023 Jul  6 12:23 file023.txt
-rw-r--r--   1 yasin  staff    1024 Jul  6 12:24 file024.txt
-rw-r--r--   1 yasin  staff    1025 Jul  6 12:25 file025.txt
-rw-r--r--   1 yasin  staff    1026 Jul  6 12:26 file026.txt
-rw-r--r--   1 yasin  staff    1027 Jul  6 12:27 file027.txt
-rw-r--r--   1 yasin  staff    1028 Jul  6 12:28 file028.txt
-rw-r--r--   1 yasin  staff    1029 Jul  6 12:29 file029.txt
-rw-r--r--   1 yasin  staff    1030 Jul  6 12:30 file030.txt
-rw-r--r--   1 yasin  staff    1031 Jul  6 12:31 file031.txt
-rw-r--r--   1 yasin  staff    1032 Jul  6 12:32 file032.txt
-rw-r--r--   1 yasin  staff    1033 Jul  6 12:33 file033.txt
-rw-r--r--   1 yasin  staff    1034 Jul  6 12:34 file034.txt
-rw-r--r--   1 yasin  staff    1035 Jul  6 12:35 file035.txt
-rw-r--r--   1 yasin  staff    1036 Jul  6 12:36 file036.txt
-rw-r--r--   1 yasin  staff    1037 Jul  6 12:37 file037.txt
-rw-r--r--   1 yasin  staff    1038 Jul  6 12:38 file038.txt
-rw-r--r--   1 yasin  staff    1039 Jul  6 12:39 file039.txt
-rw-r--r--   1 yasin  staff    1040 Jul  6 12:40 file040.txt
-rw-r--r--   1 yasin  staff    1041 Jul  6 12:41 file041.txt
-rw-r--r--   1 yasin  staff    1042 Jul  6 12:42 file042.txt
-rw-r--r--   1 yasin  staff    1043 Jul  6 12:43 file043.txt
-rw-r--r--   1 yasin  staff    1044 Jul  6 12:44 file044.txt
-rw-r--r--   1 yasin  staff    1045 Jul  6 12:45 file045.txt
-rw-r--r--   1 yasin  staff    1046 Jul  6 12:46 file046.txt
-rw-r--r--   1 yasin  staff    1047 Jul  6 12:47 file047.txt
-rw-r--r--   1 yasin  staff    1048 Jul  6 12:48 file048.txt
-rw-r--r--   1 yasin  staff    1049 Jul  6 12:49 file049.txt
-rw-r--r--   1 yasin  staff    1050 Jul  6 12:50 file050.txt
-rw-r--r--   1 yasin  staff    1051 Jul  6 12:51 file051.txt
-rw-r--r--   1 yasin  staff    1052 Jul  6 12:52 file052.txt
-rw-r--r--   1 yasin  staff    1053 Jul  6 12:53 file053.txt
-rw-r--r--   1 yasin  staff    1054 Jul  6 12:54 file054.txt
-rw-r--r--   1 yasin  staff    1055 Jul  6 12:55 file055.txt
-rw-r--r--   1 yasin  staff    1056 Jul  6 12:56 file056.txt
-rw-r--r--   1 yasin  staff    1057 Jul  6 12:57 file057.txt
-rw-r--r--   1 yasin  staff    1058 Jul  6 12:58 file058.txt
-rw-r--r--   1 yasin  staff    1059 Jul  6 12:59 file059.txt
-rw-r--r--   1 yasin  staff    1060 Jul  6 12:00 file060.txt
-rw-r--r--   1 yasin  staff    1061 Jul  6 12:01 file061.txt
-rw-r--r--   1 yasin  staff    1062 Jul  6 12:02 file062.txt
-rw-r--r--   1 yasin  staff    1063 Jul  6 12:03 file063.txt
-rw-r--r--   1 yasin  staff    1064 Jul  6 12:04 file064.txt
-rw-r--r--   1 yasin  staff    1065 Jul  6 12:05 file065.txt
-rw-r--r--   1 yasin  staff    1066 Jul  6 12:06 file066.txt
-rw-r--r--   1 yasin  staff    1067 Jul  6 12:07 file067.txt
-rw-r--r--   1 yasin  staff    1068 Jul  6 12:08 file068.txt
-rw-r--r--   1 yasin  staff    1069 Jul  6 12:09 file069.txt
-rw-r--r--   1 yasin  staff    1070 Jul  6 12:10 file070.txt
-rw-r--r--   1 yasin  staff    1071 Jul  6 12:11 file071.txt
-rw-r--r--   1 yasin  staff    1072 Jul  6 12:12 file072.txt
-rw-r--r--   1 yasin  staff    1073 Jul  6 12:13 file073.txt
-rw-r--r--   1 yasin  staff    1074 Jul  6 12:14 file074.txt
-rw-r--r--   1 yasin  staff    1075 Jul  6 12:15 file075.txt
-rw-r--r--   1 yasin  staff    1076 Jul  6 12:16 file076.txt
-rw-r--r--   1 yasin  staff    1077 Jul  6 12:17 file077.txt
-rw-r--r--   1 yasin  staff    1078 Jul  6 12:18 file078.txt
-rw-r--r--   1 yasin  staff    1079 Jul  6 12:19 file079.txt
-rw-r--r--   1 yasin  staff    1080 Jul  6 12:20 file080.txt
-rw-r--r--   1 yasin  staff    1081 Jul  6 12:21 file081.txt
-rw-r--r--   1 yasin  staff    1082 Jul  6 12:22 file082.txt
-rw-r--r--   1 yasin  staff    1083 Jul  6 12:23 file083.txt
-rw-r--r--   1 yasin  staff    1084 Jul  6 12:24 file084.txt
-rw-r--r--   1 yasin  staff    1085 Jul  6 12:25 file085.txt
-rw-r--r--   1 yasin  staff    1086 Jul  6 12:26 file086.txt
-rw-r--r--   1 yasin  staff    1087 Jul  6 12:27 file087.txt
-rw-r--r--   1 yasin  staff    1088 Jul  6 12:28 file088.txt
-rw-r--r--   1 yasin  staff    1089 Jul  6 12:29 file089.txt
-rw-r--r--   1 yasin  staff    1090 Jul  6 12:30 file090.txt
-rw-r--r--   1 yasin  staff    1091 Jul  6 12:31 file091.txt
-rw-r--r--   1 yasin  staff    1092 Jul  6 12:32 file092.txt
-rw-r--r--   1 yasin  staff    1093 Jul  6 12:33 file093.txt
-rw-r--r--   1 yasin  staff    1094 Jul  6 12:34 file094.txt
-rw-r--r--   1 yasin  staff    1095 Jul  6 12:35 file095.txt
-rw-r--r--   1 yasin  staff    1096 Jul  6 12:36 file096.txt
-rw-r--r--   1 yasin  staff    1097 Jul  6 12:37 file097.txt
-rw-r--r--   1 yasin  staff    1098 Jul  6 12:38 file098.txt
-rw-r--r--   1 yasin  staff    1099 Jul  6 12:39 file099.txt
+31 more entries
